[2026-07-26T02:50:11.849Z] [debug] [vite] connecting...
[2026-07-26T02:50:11.866Z] [debug] [vite] connected.
[2026-07-26T02:50:11.918Z] [info] %cDownload the React DevTools for a better development experience: https://react.dev/link/react-devtools font-weight:bold
[2026-07-26T02:51:58.324Z] [debug] [vite] hot updated: /src/index.css
[2026-07-26T02:52:06.658Z] [debug] [vite] hot updated: /src/index.css
[2026-07-26T02:52:13.502Z] [debug] [vite] hot updated: /src/index.css
[2026-07-26T02:52:13.502Z] [debug] [vite] hot updated: /src/components/overview/Overview.tsx
[2026-07-26T02:52:13.502Z] [debug] [vite] hot updated: /src/components/SkillCard.tsx
[2026-07-26T02:52:13.502Z] [debug] [vite] hot updated: /src/components/modals/SkillModal.tsx
[2026-07-26T02:52:13.502Z] [debug] [vite] hot updated: /src/components/modals/PersonModal.tsx
[2026-07-26T02:52:13.502Z] [debug] [vite] hot updated: /src/components/chat/ChatPanel.tsx
[2026-07-26T02:52:25.232Z] [debug] [vite] hot updated: /src/index.css
[2026-07-26T02:52:25.232Z] [debug] [vite] hot updated: /src/components/overview/Overview.tsx
[2026-07-26T02:52:25.232Z] [debug] [vite] hot updated: /src/components/SkillCard.tsx
[2026-07-26T02:52:25.232Z] [debug] [vite] hot updated: /src/components/modals/SkillModal.tsx
[2026-07-26T02:52:25.232Z] [debug] [vite] hot updated: /src/components/modals/PersonModal.tsx
[2026-07-26T02:52:25.232Z] [debug] [vite] hot updated: /src/components/chat/ChatPanel.tsx
[2026-07-26T02:52:32.440Z] [debug] [vite] hot updated: /src/index.css
[2026-07-26T02:52:32.440Z] [debug] [vite] hot updated: /src/components/overview/Overview.tsx
[2026-07-26T02:52:32.440Z] [debug] [vite] hot updated: /src/components/SkillCard.tsx
[2026-07-26T02:52:32.440Z] [debug] [vite] hot updated: /src/components/modals/SkillModal.tsx
[2026-07-26T02:52:32.440Z] [debug] [vite] hot updated: /src/components/modals/PersonModal.tsx
[2026-07-26T02:52:32.440Z] [debug] [vite] hot updated: /src/components/chat/ChatPanel.tsx
[2026-07-26T02:52:59.181Z] [debug] [vite] invalidate /src/components/ui/Badge.tsx: Could not Fast Refresh (new export)
[2026-07-26T02:52:59.181Z] [debug] [vite] hot updated: /src/components/ui/Badge.tsx
[2026-07-26T02:52:59.181Z] [debug] [vite] hot updated: /src/index.css
[2026-07-26T02:52:59.234Z] [debug] [vite] hot updated: /src/App.tsx
[2026-07-26T02:52:59.234Z] [debug] [vite] hot updated: /src/components/overview/Overview.tsx
[2026-07-26T02:52:59.234Z] [debug] [vite] hot updated: /src/components/SkillCard.tsx
[2026-07-26T02:52:59.234Z] [debug] [vite] hot updated: /src/components/modals/SkillModal.tsx
[2026-07-26T02:52:59.234Z] [debug] [vite] hot updated: /src/components/modals/PersonModal.tsx
[2026-07-26T02:53:20.091Z] [debug] [vite] hot updated: /src/index.css
[2026-07-26T02:53:20.091Z] [debug] [vite] hot updated: /src/components/SkillCard.tsx
[2026-07-26T02:53:32.601Z] [debug] [vite] hot updated: /src/index.css
[2026-07-26T02:53:32.601Z] [debug] [vite] hot updated: /src/components/SkillCard.tsx
[2026-07-26T02:53:36.565Z] [debug] [vite] hot updated: /src/index.css
[2026-07-26T02:53:36.565Z] [debug] [vite] hot updated: /src/components/SkillCard.tsx
[2026-07-26T02:53:46.876Z] [debug] [vite] hot updated: /src/index.css
[2026-07-26T02:53:46.876Z] [debug] [vite] hot updated: /src/components/modals/SkillModal.tsx
[2026-07-26T02:53:55.805Z] [debug] [vite] hot updated: /src/index.css
[2026-07-26T02:53:55.805Z] [debug] [vite] hot updated: /src/components/modals/SkillModal.tsx
[2026-07-26T02:54:33.864Z] [debug] [vite] connecting...
[2026-07-26T02:54:33.873Z] [debug] [vite] connected.
[2026-07-26T02:54:33.930Z] [info] %cDownload the React DevTools for a better development experience: https://react.dev/link/react-devtools font-weight:bold
[2026-07-26T02:55:23.758Z] [debug] [vite] hot updated: /src/index.css
[2026-07-26T02:55:23.758Z] [debug] [vite] hot updated: /src/components/chat/Message.tsx
[2026-07-26T02:55:41.767Z] [debug] [vite] hot updated: /src/index.css
[2026-07-26T02:55:41.767Z] [debug] [vite] hot updated: /src/components/chat/Message.tsx
[2026-07-26T02:55:52.787Z] [debug] [vite] connecting...
[2026-07-26T02:55:52.798Z] [debug] [vite] connected.
[2026-07-26T02:55:52.805Z] [info] %cDownload the React DevTools for a better development experience: https://react.dev/link/react-devtools font-weight:bold
[2026-07-26T02:56:26.591Z] [debug] [vite] connecting...
[2026-07-26T02:56:26.602Z] [debug] [vite] connected.
[2026-07-26T02:56:26.611Z] [info] %cDownload the React DevTools for a better development experience: https://react.dev/link/react-devtools font-weight:bold
[2026-07-26T02:58:39.958Z] [debug] [vite] hot updated: /src/index.css
[2026-07-26T02:58:39.958Z] [debug] [vite] hot updated: /src/components/overview/Overview.tsx
[2026-07-26T02:58:39.958Z] [debug] [vite] hot updated: /src/components/SkillCard.tsx
[2026-07-26T02:58:39.958Z] [debug] [vite] hot updated: /src/components/modals/SkillModal.tsx
[2026-07-26T02:58:39.958Z] [debug] [vite] hot updated: /src/components/modals/PersonModal.tsx
[2026-07-26T02:58:39.958Z] [debug] [vite] hot updated: /src/components/chat/ChatPanel.tsx
[2026-07-26T02:58:46.379Z] [debug] [vite] hot updated: /src/index.css
[2026-07-26T02:58:46.379Z] [debug] [vite] hot updated: /src/components/overview/Overview.tsx
[2026-07-26T02:58:46.379Z] [debug] [vite] hot updated: /src/components/SkillCard.tsx
[2026-07-26T02:58:46.379Z] [debug] [vite] hot updated: /src/components/modals/SkillModal.tsx
[2026-07-26T02:58:46.379Z] [debug] [vite] hot updated: /src/components/modals/PersonModal.tsx
[2026-07-26T02:58:46.379Z] [debug] [vite] hot updated: /src/components/chat/ChatPanel.tsx
[2026-07-26T02:58:52.137Z] [debug] [vite] hot updated: /src/components/overview/Overview.tsx
[2026-07-26T02:58:52.137Z] [debug] [vite] hot updated: /src/index.css
[2026-07-26T02:58:57.547Z] [debug] [vite] hot updated: /src/index.css
[2026-07-26T02:58:57.547Z] [debug] [vite] hot updated: /src/components/chat/ChatPanel.tsx
[2026-07-26T02:59:04.828Z] [debug] [vite] hot updated: /src/index.css
[2026-07-26T02:59:04.828Z] [debug] [vite] hot updated: /src/components/chat/ChatPanel.tsx
[2026-07-26T03:00:05.064Z] [debug] [vite] hot updated: /src/index.css
[2026-07-26T03:00:05.064Z] [debug] [vite] hot updated: /src/components/charts/ChartBlock.tsx
[2026-07-26T03:00:16.502Z] [debug] [vite] hot updated: /src/index.css
[2026-07-26T03:00:16.502Z] [debug] [vite] hot updated: /src/components/charts/ChartBlock.tsx
[2026-07-26T03:00:35.954Z] [debug] [vite] hot updated: /src/index.css
[2026-07-26T03:00:35.954Z] [debug] [vite] hot updated: /src/components/overview/Overview.tsx
[2026-07-26T03:00:35.954Z] [debug] [vite] hot updated: /src/components/SkillCard.tsx
[2026-07-26T03:00:35.955Z] [debug] [vite] hot updated: /src/components/modals/SkillModal.tsx
[2026-07-26T03:00:35.955Z] [debug] [vite] hot updated: /src/components/modals/PersonModal.tsx
[2026-07-26T03:00:35.955Z] [debug] [vite] hot updated: /src/components/chat/ChatPanel.tsx
[2026-07-26T03:00:54.020Z] [debug] [vite] invalidate /src/state/app-state.tsx: Could not Fast Refresh ("useApp" export is incompatible). Learn more at https://github.com/vitejs/vite-plugin-react/tree/main/packages/plugin-react#consistent-components-exports
[2026-07-26T03:00:54.021Z] [debug] [vite] hot updated: /src/state/app-state.tsx
[2026-07-26T03:00:54.021Z] [debug] [vite] hot updated: /src/index.css
[2026-07-26T03:00:54.133Z] [debug] [vite] hot updated: /src/App.tsx
[2026-07-26T03:00:54.133Z] [debug] [vite] hot updated: /src/components/chat/ChatPanel.tsx
[2026-07-26T03:00:54.133Z] [debug] [vite] hot updated: /src/components/overview/Overview.tsx
[2026-07-26T03:00:54.133Z] [debug] [vite] hot updated: /src/components/modals/ModalHost.tsx
[2026-07-26T03:00:54.133Z] [debug] [vite] hot updated: /src/components/ui/PersonAvatar.tsx
[2026-07-26T03:00:54.133Z] [debug] [vite] hot updated: /src/components/SkillCard.tsx
[2026-07-26T03:00:54.133Z] [debug] [vite] hot updated: /src/components/modals/SkillModal.tsx
[2026-07-26T03:00:54.134Z] [debug] [vite] hot updated: /src/components/modals/PersonModal.tsx
[2026-07-26T03:01:10.855Z] [debug] [vite] invalidate /src/state/app-state.tsx: Could not Fast Refresh ("useApp" export is incompatible). Learn more at https://github.com/vitejs/vite-plugin-react/tree/main/packages/plugin-react#consistent-components-exports
[2026-07-26T03:01:10.855Z] [debug] [vite] hot updated: /src/state/app-state.tsx
[2026-07-26T03:01:10.855Z] [debug] [vite] hot updated: /src/index.css
[2026-07-26T03:01:10.970Z] [debug] [vite] hot updated: /src/App.tsx
[2026-07-26T03:01:10.971Z] [debug] [vite] hot updated: /src/components/chat/ChatPanel.tsx
[2026-07-26T03:01:10.971Z] [debug] [vite] hot updated: /src/components/overview/Overview.tsx
[2026-07-26T03:01:10.971Z] [debug] [vite] hot updated: /src/components/modals/ModalHost.tsx
[2026-07-26T03:01:10.971Z] [debug] [vite] hot updated: /src/components/ui/PersonAvatar.tsx
[2026-07-26T03:01:10.971Z] [debug] [vite] hot updated: /src/components/SkillCard.tsx
[2026-07-26T03:01:10.971Z] [debug] [vite] hot updated: /src/components/modals/SkillModal.tsx
[2026-07-26T03:01:10.971Z] [debug] [vite] hot updated: /src/components/modals/PersonModal.tsx
[2026-07-26T03:01:21.707Z] [debug] [vite] invalidate /src/state/app-state.tsx: Could not Fast Refresh ("useApp" export is incompatible). Learn more at https://github.com/vitejs/vite-plugin-react/tree/main/packages/plugin-react#consistent-components-exports
[2026-07-26T03:01:21.707Z] [debug] [vite] hot updated: /src/state/app-state.tsx
[2026-07-26T03:01:21.707Z] [debug] [vite] hot updated: /src/index.css
[2026-07-26T03:01:21.761Z] [debug] [vite] hot updated: /src/App.tsx
[2026-07-26T03:01:21.761Z] [debug] [vite] hot updated: /src/components/chat/ChatPanel.tsx
[2026-07-26T03:01:21.761Z] [debug] [vite] hot updated: /src/components/overview/Overview.tsx
[2026-07-26T03:01:21.761Z] [debug] [vite] hot updated: /src/components/modals/ModalHost.tsx
[2026-07-26T03:01:21.761Z] [debug] [vite] hot updated: /src/components/ui/PersonAvatar.tsx
[2026-07-26T03:01:21.761Z] [debug] [vite] hot updated: /src/components/SkillCard.tsx
[2026-07-26T03:01:21.761Z] [debug] [vite] hot updated: /src/components/modals/SkillModal.tsx
[2026-07-26T03:01:21.761Z] [debug] [vite] hot updated: /src/components/modals/PersonModal.tsx
[2026-07-26T03:01:28.152Z] [debug] [vite] invalidate /src/state/app-state.tsx: Could not Fast Refresh ("useApp" export is incompatible). Learn more at https://github.com/vitejs/vite-plugin-react/tree/main/packages/plugin-react#consistent-components-exports
[2026-07-26T03:01:28.152Z] [debug] [vite] hot updated: /src/state/app-state.tsx
[2026-07-26T03:01:28.152Z] [debug] [vite] hot updated: /src/index.css
[2026-07-26T03:01:28.201Z] [debug] [vite] hot updated: /src/App.tsx
[2026-07-26T03:01:28.201Z] [debug] [vite] hot updated: /src/components/chat/ChatPanel.tsx
[2026-07-26T03:01:28.201Z] [debug] [vite] hot updated: /src/components/overview/Overview.tsx
[2026-07-26T03:01:28.202Z] [debug] [vite] hot updated: /src/components/modals/ModalHost.tsx
[2026-07-26T03:01:28.202Z] [debug] [vite] hot updated: /src/components/ui/PersonAvatar.tsx
[2026-07-26T03:01:28.202Z] [debug] [vite] hot updated: /src/components/SkillCard.tsx
[2026-07-26T03:01:28.202Z] [debug] [vite] hot updated: /src/components/modals/SkillModal.tsx
[2026-07-26T03:01:28.202Z] [debug] [vite] hot updated: /src/components/modals/PersonModal.tsx
[2026-07-26T03:02:10.002Z] [debug] [vite] hot updated: /src/components/chat/ChatPanel.tsx
[2026-07-26T03:02:10.003Z] [debug] [vite] hot updated: /src/index.css
[2026-07-26T03:02:29.992Z] [debug] [vite] hot updated: /src/components/modals/ModalHost.tsx
[2026-07-26T03:02:29.992Z] [debug] [vite] hot updated: /src/index.css
[2026-07-26T03:02:47.569Z] [debug] [vite] hot updated: /src/App.tsx
[2026-07-26T03:02:47.569Z] [debug] [vite] hot updated: /src/index.css
[2026-07-26T03:02:47.609Z] [warning] %s

%s
 An error occurred in the <Dashboard> component. Consider adding an error boundary to your tree to customize error handling behavior.
Visit https://react.dev/link/error-boundaries to learn more about error boundaries.
[2026-07-26T03:02:55.609Z] [debug] [vite] hot updated: /src/App.tsx
[2026-07-26T03:02:55.609Z] [debug] [vite] hot updated: /src/index.css
[2026-07-26T03:03:29.455Z] [debug] [vite] invalidate /src/state/app-state.tsx: Could not Fast Refresh ("useApp" export is incompatible). Learn more at https://github.com/vitejs/vite-plugin-react/tree/main/packages/plugin-react#consistent-components-exports
[2026-07-26T03:03:29.455Z] [debug] [vite] hot updated: /src/state/app-state.tsx
[2026-07-26T03:03:29.455Z] [debug] [vite] hot updated: /src/index.css
[2026-07-26T03:03:29.499Z] [debug] [vite] hot updated: /src/App.tsx
[2026-07-26T03:03:29.499Z] [debug] [vite] hot updated: /src/components/chat/ChatPanel.tsx
[2026-07-26T03:03:29.499Z] [debug] [vite] hot updated: /src/components/overview/Overview.tsx
[2026-07-26T03:03:29.499Z] [debug] [vite] hot updated: /src/components/modals/ModalHost.tsx
[2026-07-26T03:03:29.499Z] [debug] [vite] hot updated: /src/components/ui/PersonAvatar.tsx
[2026-07-26T03:03:29.499Z] [debug] [vite] hot updated: /src/components/SkillCard.tsx
[2026-07-26T03:03:29.499Z] [debug] [vite] hot updated: /src/components/modals/SkillModal.tsx
[2026-07-26T03:03:29.499Z] [debug] [vite] hot updated: /src/components/modals/PersonModal.tsx
[2026-07-26T03:03:29.499Z] [debug] [vite] hot updated: /src/components/chat/PromptLauncher.tsx
[2026-07-26T03:05:50.020Z] [debug] [vite] hot updated: /src/index.css
[2026-07-26T03:05:50.020Z] [debug] [vite] hot updated: /src/components/charts/ChartBlock.tsx
[2026-07-26T03:06:18.047Z] [debug] [vite] hot updated: /src/index.css
[2026-07-26T03:06:18.047Z] [debug] [vite] hot updated: /src/components/charts/ChartBlock.tsx
[2026-07-26T03:07:47.824Z] [debug] [vite] hot updated: /src/index.css
[2026-07-26T03:07:58.902Z] [debug] [vite] hot updated: /src/index.css
[2026-07-26T03:07:58.902Z] [debug] [vite] hot updated: /src/components/chat/ChatPanel.tsx
[2026-07-26T03:07:58.902Z] [debug] [vite] hot updated: /src/components/chat/PromptLauncher.tsx
[2026-07-26T03:08:09.179Z] [debug] [vite] hot updated: /src/index.css
[2026-07-26T03:08:09.179Z] [debug] [vite] hot updated: /src/components/chat/ChatPanel.tsx
[2026-07-26T03:08:09.179Z] [debug] [vite] hot updated: /src/components/chat/PromptLauncher.tsx
[2026-07-26T03:08:26.162Z] [debug] [vite] hot updated: /src/index.css
[2026-07-26T03:08:26.165Z] [debug] [vite] hot updated: /src/components/chat/Message.tsx
[2026-07-26T03:08:55.109Z] [debug] [vite] hot updated: /src/index.css
[2026-07-26T03:08:55.109Z] [debug] [vite] hot updated: /src/components/chat/Message.tsx
[2026-07-26T03:12:55.182Z] [debug] [vite] connecting...
[2026-07-26T03:12:55.282Z] [debug] [vite] connected.
[2026-07-26T03:12:55.368Z] [info] %cDownload the React DevTools for a better development experience: https://react.dev/link/react-devtools font-weight:bold
[2026-07-26T03:13:01.891Z] [log] [vite] server connection lost. Polling for restart...
